Archive member included to satisfy reference by file (symbol)

C:/ST/STM32CubeIDE_1.16.1/STM32CubeIDE/plugins/com.st.stm32cube.ide.mcu.externaltools.gnu-tools-for-stm32.13.3.rel1.win32_1.0.0.202411081344/tools/bin/../lib/gcc/arm-none-eabi/13.3.1/../../../../arm-none-eabi/lib/thumb/v8-m.main+dp/hard\libc_nano.a(libc_a-exit.o)
                              C:/ST/STM32CubeIDE_1.16.1/STM32CubeIDE/plugins/com.st.stm32cube.ide.mcu.externaltools.gnu-tools-for-stm32.13.3.rel1.win32_1.0.0.202411081344/tools/bin/../lib/gcc/arm-none-eabi/13.3.1/../../../../arm-none-eabi/lib/thumb/v8-m.main+dp/hard/crt0.o (exit)
C:/ST/STM32CubeIDE_1.16.1/STM32CubeIDE/plugins/com.st.stm32cube.ide.mcu.externaltools.gnu-tools-for-stm32.13.3.rel1.win32_1.0.0.202411081344/tools/bin/../lib/gcc/arm-none-eabi/13.3.1/../../../../arm-none-eabi/lib/thumb/v8-m.main+dp/hard\libc_nano.a(libc_a-findfp.o)
                              C:/ST/STM32CubeIDE_1.16.1/STM32CubeIDE/plugins/com.st.stm32cube.ide.mcu.externaltools.gnu-tools-for-stm32.13.3.rel1.win32_1.0.0.202411081344/tools/bin/../lib/gcc/arm-none-eabi/13.3.1/../../../../arm-none-eabi/lib/thumb/v8-m.main+dp/hard\libc_nano.a(libc_a-exit.o) (__stdio_exit_handler)
C:/ST/STM32CubeIDE_1.16.1/STM32CubeIDE/plugins/com.st.stm32cube.ide.mcu.externaltools.gnu-tools-for-stm32.13.3.rel1.win32_1.0.0.202411081344/tools/bin/../lib/gcc/arm-none-eabi/13.3.1/../../../../arm-none-eabi/lib/thumb/v8-m.main+dp/hard\libc_nano.a(libc_a-fwalk.o)
                              C:/ST/STM32CubeIDE_1.16.1/STM32CubeIDE/plugins/com.st.stm32cube.ide.mcu.externaltools.gnu-tools-for-stm32.13.3.rel1.win32_1.0.0.202411081344/tools/bin/../lib/gcc/arm-none-eabi/13.3.1/../../../../arm-none-eabi/lib/thumb/v8-m.main+dp/hard\libc_nano.a(libc_a-findfp.o) (_fwalk_sglue)
C:/ST/STM32CubeIDE_1.16.1/STM32CubeIDE/plugins/com.st.stm32cube.ide.mcu.externaltools.gnu-tools-for-stm32.13.3.rel1.win32_1.0.0.202411081344/tools/bin/../lib/gcc/arm-none-eabi/13.3.1/../../../../arm-none-eabi/lib/thumb/v8-m.main+dp/hard\libc_nano.a(libc_a-stdio.o)
                              C:/ST/STM32CubeIDE_1.16.1/STM32CubeIDE/plugins/com.st.stm32cube.ide.mcu.externaltools.gnu-tools-for-stm32.13.3.rel1.win32_1.0.0.202411081344/tools/bin/../lib/gcc/arm-none-eabi/13.3.1/../../../../arm-none-eabi/lib/thumb/v8-m.main+dp/hard\libc_nano.a(libc_a-findfp.o) (__sread)
C:/ST/STM32CubeIDE_1.16.1/STM32CubeIDE/plugins/com.st.stm32cube.ide.mcu.externaltools.gnu-tools-for-stm32.13.3.rel1.win32_1.0.0.202411081344/tools/bin/../lib/gcc/arm-none-eabi/13.3.1/../../../../arm-none-eabi/lib/thumb/v8-m.main+dp/hard\libc_nano.a(libc_a-memset.o)
                              C:/ST/STM32CubeIDE_1.16.1/STM32CubeIDE/plugins/com.st.stm32cube.ide.mcu.externaltools.gnu-tools-for-stm32.13.3.rel1.win32_1.0.0.202411081344/tools/bin/../lib/gcc/arm-none-eabi/13.3.1/../../../../arm-none-eabi/lib/thumb/v8-m.main+dp/hard/crt0.o (memset)
C:/ST/STM32CubeIDE_1.16.1/STM32CubeIDE/plugins/com.st.stm32cube.ide.mcu.externaltools.gnu-tools-for-stm32.13.3.rel1.win32_1.0.0.202411081344/tools/bin/../lib/gcc/arm-none-eabi/13.3.1/../../../../arm-none-eabi/lib/thumb/v8-m.main+dp/hard\libc_nano.a(libc_a-closer.o)
                              C:/ST/STM32CubeIDE_1.16.1/STM32CubeIDE/plugins/com.st.stm32cube.ide.mcu.externaltools.gnu-tools-for-stm32.13.3.rel1.win32_1.0.0.202411081344/tools/bin/../lib/gcc/arm-none-eabi/13.3.1/../../../../arm-none-eabi/lib/thumb/v8-m.main+dp/hard\libc_nano.a(libc_a-stdio.o) (_close_r)
C:/ST/STM32CubeIDE_1.16.1/STM32CubeIDE/plugins/com.st.stm32cube.ide.mcu.externaltools.gnu-tools-for-stm32.13.3.rel1.win32_1.0.0.202411081344/tools/bin/../lib/gcc/arm-none-eabi/13.3.1/../../../../arm-none-eabi/lib/thumb/v8-m.main+dp/hard\libc_nano.a(libc_a-reent.o)
                              C:/ST/STM32CubeIDE_1.16.1/STM32CubeIDE/plugins/com.st.stm32cube.ide.mcu.externaltools.gnu-tools-for-stm32.13.3.rel1.win32_1.0.0.202411081344/tools/bin/../lib/gcc/arm-none-eabi/13.3.1/../../../../arm-none-eabi/lib/thumb/v8-m.main+dp/hard\libc_nano.a(libc_a-closer.o) (errno)
C:/ST/STM32CubeIDE_1.16.1/STM32CubeIDE/plugins/com.st.stm32cube.ide.mcu.externaltools.gnu-tools-for-stm32.13.3.rel1.win32_1.0.0.202411081344/tools/bin/../lib/gcc/arm-none-eabi/13.3.1/../../../../arm-none-eabi/lib/thumb/v8-m.main+dp/hard\libc_nano.a(libc_a-impure.o)
                              C:/ST/STM32CubeIDE_1.16.1/STM32CubeIDE/plugins/com.st.stm32cube.ide.mcu.externaltools.gnu-tools-for-stm32.13.3.rel1.win32_1.0.0.202411081344/tools/bin/../lib/gcc/arm-none-eabi/13.3.1/../../../../arm-none-eabi/lib/thumb/v8-m.main+dp/hard\libc_nano.a(libc_a-reent.o) (_impure_ptr)
C:/ST/STM32CubeIDE_1.16.1/STM32CubeIDE/plugins/com.st.stm32cube.ide.mcu.externaltools.gnu-tools-for-stm32.13.3.rel1.win32_1.0.0.202411081344/tools/bin/../lib/gcc/arm-none-eabi/13.3.1/../../../../arm-none-eabi/lib/thumb/v8-m.main+dp/hard\libc_nano.a(libc_a-lseekr.o)
[...]
Memory Configuration

Name             Origin             Length             Attributes
ROM              0x24100400         0x0007fc00         xrw
RAM              0x24180000         0x00080000         xrw
*default*        0x00000000         0xffffffff

Linker script and memory map

LOAD C:/ST/STM32CubeIDE_1.16.1/STM32CubeIDE/plugins/com.st.stm32cube.ide.mcu.externaltools.gnu-tools-for-stm32.13.3.rel1.win32_1.0.0.202411081344/tools/bin/../lib/gcc/arm-none-eabi/13.3.1/thumb/v8-m.main+dp/hard/crti.o
LOAD C:/ST/STM32CubeIDE_1.16.1/STM32CubeIDE/plugins/com.st.stm32cube.ide.mcu.externaltools.gnu-tools-for-stm32.13.3.rel1.win32_1.0.0.202411081344/tools/bin/../lib/gcc/arm-none-eabi/13.3.1/thumb/v8-m.main+dp/hard/crtbegin.o
LOAD C:/ST/STM32CubeIDE_1.16.1/STM32CubeIDE/plugins/com.st.stm32cube.ide.mcu.externaltools.gnu-tools-for-stm32.13.3.rel1.win32_1.0.0.202411081344/tools/bin/../lib/gcc/arm-none-eabi/13.3.1/../../../../arm-none-eabi/lib/thumb/v8-m.main+dp/hard/crt0.o
LOAD ./Core/Src/main.o
LOAD ./Core/Src/stm32n6xx_hal_msp.o
LOAD ./Core/Src/stm32n6xx_it.o
LOAD ./Core/Src/syscalls.o
LOAD ./Core/Src/sysmem.o
LOAD ./Core/Src/system_stm32n6xx_ns.o
LOAD ./Core/Startup/startup_stm32n657x0hxq.o
LOAD ./Drivers/STM32N6xx_HAL_Driver/stm32n6xx_hal.o
LOAD ./Drivers/STM32N6xx_HAL_Driver/stm32n6xx_hal_cortex.o
LOAD ./Drivers/STM32N6xx_HAL_Driver/stm32n6xx_hal_dma.o
LOAD ./Drivers/STM32N6xx_HAL_Driver/stm32n6xx_hal_dma_ex.o
LOAD ./Drivers/STM32N6xx_HAL_Driver/stm32n6xx_hal_exti.o
LOAD ./Drivers/STM32N6xx_HAL_Driver/stm32n6xx_hal_gpio.o
LOAD ./Drivers/STM32N6xx_HAL_Driver/stm32n6xx_hal_pwr.o
LOAD ./Drivers/STM32N6xx_HAL_Driver/stm32n6xx_hal_pwr_ex.o
LOAD ./Drivers/STM32N6xx_HAL_Driver/stm32n6xx_hal_rcc.o
LOAD ./Drivers/STM32N6xx_HAL_Driver/stm32n6xx_hal_rcc_ex.o
LOAD ./Drivers/STM32N6xx_HAL_Driver/stm32n6xx_hal_tim.o
LOAD ./Drivers/STM32N6xx_HAL_Driver/stm32n6xx_hal_tim_ex.o
LOAD D:/Users/user/Documents/tp2/ETRS-606_project/AppliSecure/Debug/secure_nsclib.o
START GROUP
LOAD C:/ST/STM32CubeIDE_1.16.1/STM32CubeIDE/plugins/com.st.stm32cube.ide.mcu.externaltools.gnu-tools-for-stm32.13.3.rel1.win32_1.0.0.202411081344/tools/bin/../lib/gcc/arm-none-eabi/13.3.1/../../../../arm-none-eabi/lib/thumb/v8-m.main+dp/hard\libc_nano.a
LOAD C:/ST/STM32CubeIDE_1.16.1/STM32CubeIDE/plugins/com.st.stm32cube.ide.mcu.externaltools.gnu-tools-for-stm32.13.3.rel1.win32_1.0.0.202411081344/tools/bin/../lib/gcc/arm-none-eabi/13.3.1/../../../../arm-none-eabi/lib/thumb/v8-m.main+dp/hard\libm.a
END GROUP
START GROUP
LOAD C:/ST/STM32CubeIDE_1.16.1/STM32CubeIDE/plugins/com.st.stm32cube.ide.mcu.externaltools.gnu-tools-for-stm32.13.3.rel1.win32_1.0.0.202411081344/tools/bin/../lib/gcc/arm-none-eabi/13.3.1/thumb/v8-m.main+dp/hard\libgcc.a
LOAD C:/ST/STM32CubeIDE_1.16.1/STM32CubeIDE/plugins/com.st.stm32cube.ide.mcu.externaltools.gnu-tools-for-stm32.13.3.rel1.win32_1.0.0.202411081344/tools/bin/../lib/gcc/arm-none-eabi/13.3.1/../../../../arm-none-eabi/lib/thumb/v8-m.main+dp/hard\libc_nano.a
END GROUP
START GROUP
LOAD C:/ST/STM32CubeIDE_1.16.1/STM32CubeIDE/plugins/com.st.stm32cube.ide.mcu.externaltools.gnu-tools-for-stm32.13.3.rel1.win32_1.0.0.202411081344/tools/bin/../lib/gcc/arm-none-eabi/13.3.1/thumb/v8-m.main+dp/hard\libgcc.a
LOAD C:/ST/STM32CubeIDE_1.16.1/STM32CubeIDE/plugins/com.st.stm32cube.ide.mcu.externaltools.gnu-tools-for-stm32.13.3.rel1.win32_1.0.0.202411081344/tools/bin/../lib/gcc/arm-none-eabi/13.3.1/../../../../arm-none-eabi/lib/thumb/v8-m.main+dp/hard\libc_nano.a
LOAD C:/ST/STM32CubeIDE_1.16.1/STM32CubeIDE/plugins/com.st.stm32cube.ide.mcu.externaltools.gnu-tools-for-stm32.13.3.rel1.win32_1.0.0.202411081344/tools/bin/../lib/gcc/arm-none-eabi/13.3.1/../../../../arm-none-eabi/lib/thumb/v8-m.main+dp/hard\libnosys.a
END GROUP
START GROUP
LOAD C:/ST/STM32CubeIDE_1.16.1/STM32CubeIDE/plugins/com.st.stm32cube.ide.mcu.externaltools.gnu-tools-for-stm32.13.3.rel1.win32_1.0.0.202411081344/tools/bin/../lib/gcc/arm-none-eabi/13.3.1/thumb/v8-m.main+dp/hard\libgcc.a
LOAD C:/ST/STM32CubeIDE_1.16.1/STM32CubeIDE/plugins/com.st.stm32cube.ide.mcu.externaltools.gnu-tools-for-stm32.13.3.rel1.win32_1.0.0.202411081344/tools/bin/../lib/gcc/arm-none-eabi/13.3.1/../../../../arm-none-eabi/lib/thumb/v8-m.main+dp/hard\libc_nano.a
LOAD C:/ST/STM32CubeIDE_1.16.1/STM32CubeIDE/plugins/com.st.stm32cube.ide.mcu.externaltools.gnu-tools-for-stm32.13.3.rel1.win32_1.0.0.202411081344/tools/bin/../lib/gcc/arm-none-eabi/13.3.1/../../../../arm-none-eabi/lib/thumb/v8-m.main+dp/hard\libnosys.a
END GROUP
LOAD C:/ST/STM32CubeIDE_1.16.1/STM32CubeIDE/plugins/com.st.stm32cube.ide.mcu.externaltools.gnu-tools-for-stm32.13.3.rel1.win32_1.0.0.202411081344/tools/bin/../lib/gcc/arm-none-eabi/13.3.1/thumb/v8-m.main+dp/hard/crtend.o
LOAD C:/ST/STM32CubeIDE_1.16.1/STM32CubeIDE/plugins/com.st.stm32cube.ide.mcu.externaltools.gnu-tools-for-stm32.13.3.rel1.win32_1.0.0.202411081344/tools/bin/../lib/gcc/arm-none-eabi/13.3.1/thumb/v8-m.main+dp/hard/crtn.o
                0x24200000                        _estack = (ORIGIN (RAM) + LENGTH (RAM))
                0x241ff800                        _sstack = (_estack - _Min_Stack_Size)
                0x00000200                        _Min_Heap_Size = 0x200
                0x00000800                        _Min_Stack_Size = 0x800

.isr_vector     0x24100400      0x34c
                0x24100400                        . = ALIGN (0x4)
 *(.isr_vector)
 .isr_vector    0x24100400      0x34c ./Core/Startup/startup_stm32n657x0hxq.o
                0x24100400                g_pfnVectors
                0x2410074c                        . = ALIGN (0x4)

.text           0x24100750      0x488
                0x24100750                        . = ALIGN (0x4)
 *(.text)
 .text          0x24100750       0x40 C:/ST/STM32CubeIDE_1.16.1/STM32CubeIDE/plugins/com.st.stm32cube.ide.mcu.externaltools.gnu-tools-for-stm32.13.3.rel1.win32_1.0.0.202411081344/tools/bin/../lib/gcc/arm-none-eabi/13.3.1/thumb/v8-m.main+dp/hard/crtbegin.o
 *(.text*)
 .text.main     0x24100790        0xc ./Core/Src/main.o
                0x24100790                main
 .text.HAL_MspInit
                0x2410079c       0x14 ./Core/Src/stm32n6xx_hal_msp.o
                0x2410079c                HAL_MspInit
 .text.MemManage_Handler
                0x241007b0        0x8 ./Core/Src/stm32n6xx_it.o
                0x241007b0                MemManage_Handler
 .text.UsageFault_Handler
                0x241007b8        0x8 ./Core/Src/stm32n6xx_it.o
                0x241007b8                UsageFault_Handler
 .text.SecureFault_Handler
                0x241007c0        0x8 ./Core/Src/stm32n6xx_it.o
                0x241007c0                SecureFault_Handler
 .text.SVC_Handler
                0x241007c8        0xe ./Core/Src/stm32n6xx_it.o
                0x241007c8                SVC_Handler
 .text.PendSV_Handler
                0x241007d6        0xe ./Core/Src/stm32n6xx_it.o
                0x241007d6                PendSV_Handler
 .text.SysTick_Handler
                0x241007e4        0xc ./Core/Src/stm32n6xx_it.o
                0x241007e4                SysTick_Handler
 .text.SystemInit
                0x241007f0       0x1c ./Core/Src/system_stm32n6xx_ns.o
                0x241007f0                SystemInit
 .text.SystemCoreClockUpdate
                0x2410080c       0x18 ./Core/Src/system_stm32n6xx_ns.o
                0x2410080c                SystemCoreClockUpdate
 .text.Reset_Handler
                0x24100824       0x5c ./Core/Startup/startup_stm32n657x0hxq.o
                0x24100824                Reset_Handler
 .text.Default_Handler
                0x24100880        0x2 ./Core/Startup/startup_stm32n657x0hxq.o
                0x24100880                HPDMA1_Channel13_IRQHandler
                0x24100880                EXTI2_IRQHandler
                0x24100880                MCE2_IRQHandler
                0x24100880                TIM8_CC_IRQHandler
                0x24100880                USB2_OTG_HS_IRQHandler
                0x24100880                SAI1_A_IRQHandler
                0x24100880                EXTI5_IRQHandler
                0x24100880                I3C1_ER_IRQHandler
                0x24100880                DebugMon_Handler
                0x24100880                UART8_IRQHandler
                0x24100880                CTI_INT0_IRQHandler
                0x24100880                SPI4_IRQHandler
                0x24100880                LTDC_LO_IRQHandler
                0x24100880                NPU2_IRQHandler
                0x24100880                FDCAN3_IT0_IRQHandler
                0x24100880                EXTI13_IRQHandler
                0x24100880                TIM1_CC_IRQHandler
                0x24100880                XSPI1_IRQHandler
                0x24100880                HardFault_Handler
                0x24100880                TIM10_IRQHandler
                0x24100880                JPEG_IRQHandler
                0x24100880                TAMP_IRQHandler
                0x24100880                CACHE_ECC_IRQHandler
                0x24100880                TIM6_IRQHandler
                0x24100880                CSI_IRQHandler
                0x24100880                EXTI12_IRQHandler
                0x24100880                GFXTIM_IRQHandler
                0x24100880                NMI_Handler
                0x24100880                EXTI3_IRQHandler
                0x24100880                LPTIM4_IRQHandler
                0x24100880                GPDMA1_Channel5_IRQHandler
                0x24100880                EXTI8_IRQHandler
                0x24100880                LPTIM2_IRQHandler
                0x24100880                GFXMMU_IRQHandler
                0x24100880                LTDC_LO_ERR_IRQHandler
                0x24100880                I2C3_ER_IRQHandler
                0x24100880                RIFSC_TAMPER_IRQHandler
                0x24100880                USART10_IRQHandler
                0x24100880                MDF1_FLT2_IRQHandler
                0x24100880                LPTIM3_IRQHandler
                0x24100880                SAI2_A_IRQHandler
                0x24100880                EXTI0_IRQHandler
                0x24100880                HPDMA1_Channel9_IRQHandler
                0x24100880                I2C2_EV_IRQHandler
                0x24100880                GPU2D_IRQHandler
                0x24100880                FPU_IRQHandler
                0x24100880                GPDMA1_Channel3_IRQHandler
                0x24100880                GPDMA1_Channel7_IRQHandler
                0x24100880                MDF1_FLT4_IRQHandler
                0x24100880                FDCAN1_IT1_IRQHandler
                0x24100880                HPDMA1_Channel3_IRQHandler
                0x24100880                ADC1_2_IRQHandler
                0x24100880                GPDMA1_Channel9_IRQHandler
                0x24100880                SPI1_IRQHandler
                0x24100880                CACHEAXI_IRQHandler
                0x24100880                SAI1_B_IRQHandler
                0x24100880                GPDMA1_Channel2_IRQHandler
                0x24100880                PAHB_ERR_IRQHandler
                0x24100880                TIM8_UP_IRQHandler
                0x24100880                RCC_S_IRQHandler
                0x24100880                MDF1_FLT1_IRQHandler
                0x24100880                LTDC_UP_IRQHandler
                0x24100880                LOCKUP_IRQHandler
                0x24100880                PKA_IRQHandler
                0x24100880                USART6_IRQHandler
                0x24100880                HPDMA1_Channel2_IRQHandler
                0x24100880                MDF1_FLT5_IRQHandler
                0x24100880                MCE4_IRQHandler
                0x24100880                I3C2_ER_IRQHandler
                0x24100880                EXTI15_IRQHandler
                0x24100880                TIM17_IRQHandler
                0x24100880                USART3_IRQHandler
                0x24100880                HPDMA1_Channel6_IRQHandler
                0x24100880                CRYP_IRQHandler
                0x24100880                RTC_IRQHandler
                0x24100880                XSPI2_IRQHandler
                0x24100880                EXTI9_IRQHandler
                0x24100880                IAC_IRQHandler
                0x24100880                HPDMA1_Channel0_IRQHandler
                0x24100880                LPTIM5_IRQHandler
                0x24100880                HPDMA1_Channel1_IRQHandler
                0x24100880                UART5_IRQHandler
                0x24100880                TIM4_IRQHandler
                0x24100880                NPU3_IRQHandler
                0x24100880                I3C2_EV_IRQHandler
                0x24100880                I2C1_EV_IRQHandler
                0x24100880                FDCAN_CU_IRQHandler
                0x24100880                GPDMA1_Channel12_IRQHandler
                0x24100880                HPDMA1_Channel7_IRQHandler
                0x24100880                GPDMA1_Channel1_IRQHandler
                0x24100880                TIM16_IRQHandler
                0x24100880                GPDMA1_Channel15_IRQHandler
                0x24100880                UART4_IRQHandler
                0x24100880                TCM_ECC_IRQHandler
                0x24100880                TIM3_IRQHandler
                0x24100880                RCC_IRQHandler
                0x24100880                UART9_IRQHandler
                0x24100880                NPU1_IRQHandler
                0x24100880                SAI2_B_IRQHandler
                0x24100880                Default_Handler
                0x24100880                GPDMA1_Channel8_IRQHandler
                0x24100880                HPDMA1_Channel8_IRQHandler
                0x24100880                TIM18_IRQHandler
                0x24100880                TIM14_IRQHandler
                0x24100880                TIM13_IRQHandler
                0x24100880                CTI_INT1_IRQHandler
                0x24100880                GPDMA1_Channel11_IRQHandler
                0x24100880                GPU2D_ER_IRQHandler
                0x24100880                SPI5_IRQHandler
                0x24100880                TIM12_IRQHandler
                0x24100880                TIM7_IRQHandler
                0x24100880                FDCAN3_IT1_IRQHandler
                0x24100880                HPDMA1_Channel10_IRQHandler
                0x24100880                SDMMC1_IRQHandler
                0x24100880                SAES_IRQHandler
                0x24100880                TIM5_IRQHandler
                0x24100880                UCPD1_IRQHandler
                0x24100880                GPDMA1_Channel0_IRQHandler
                0x24100880                I3C1_EV_IRQHandler
                0x24100880                HPDMA1_Channel5_IRQHandler
                0x24100880                TIM15_IRQHandler
                0x24100880                I2C3_EV_IRQHandler
                0x24100880                HPDMA1_Channel4_IRQHandler
                0x24100880                HPDMA1_Channel15_IRQHandler
                0x24100880                TIM9_IRQHandler
                0x24100880                ETH1_IRQHandler
                0x24100880                USB1_OTG_HS_IRQHandler
                0x24100880                PVD_PVM_IRQHandler
                0x24100880                SPI2_IRQHandler
                0x24100880                TIM1_TRG_CCU_IRQHandler
                0x24100880                HPDMA1_Channel11_IRQHandler
                0x24100880                EXTI14_IRQHandler
                0x24100880                EXTI11_IRQHandler
                0x24100880                VENC_IRQHandler
                0x24100880                GPDMA1_Channel14_IRQHandler
                0x24100880                EXTI4_IRQHandler
                0x24100880                RTC_S_IRQHandler
                0x24100880                GPDMA1_Channel13_IRQHandler
                0x24100880                RNG_IRQHandler
                0x24100880                XSPI3_IRQHandler
                0x24100880                FDCAN2_IT1_IRQHandler
                0x24100880                TIM1_UP_IRQHandler
                0x24100880                NPU0_IRQHandler
                0x24100880                BCK_ECC_IRQHandler
                0x24100880                WWDG_IRQHandler
                0x24100880                SPI6_IRQHandler
                0x24100880                MDIOS_IRQHandler
                0x24100880                I2C4_EV_IRQHandler
                0x24100880                FDCAN2_IT0_IRQHandler
                0x24100880                IWDG_IRQHandler
                0x24100880                HPDMA1_Channel14_IRQHandler
                0x24100880                LPUART1_IRQHandler
                0x24100880                FDCAN1_IT0_IRQHandler
                0x24100880                MDF1_FLT0_IRQHandler
                0x24100880                TIM2_IRQHandler
                0x24100880                MCE3_IRQHandler
                0x24100880                GPDMA1_Channel4_IRQHandler
                0x24100880                EXTI7_IRQHandler
                0x24100880                DMA2D_IRQHandler
                0x24100880                TIM1_BRK_IRQHandler
                0x24100880                EXTI1_IRQHandler
                0x24100880                SDMMC2_IRQHandler
                0x24100880                TIM11_IRQHandler
                0x24100880                LTDC_UP_ERR_IRQHandler
                0x24100880                UART7_IRQHandler
                0x24100880                DTS_IRQHandler
                0x24100880                MDF1_FLT3_IRQHandler
                0x24100880                USART2_IRQHandler
                0x24100880                GPDMA1_Channel6_IRQHandler
                0x24100880                ADF1_FLT0_IRQHandler
                0x24100880                I2C2_ER_IRQHandler
                0x24100880                MCE1_IRQHandler
                0x24100880                SPDIFRX_IRQHandler
                0x24100880                TIM8_BRK_IRQHandler
                0x24100880                HPDMA1_Channel12_IRQHandler
                0x24100880                BusFault_Handler
                0x24100880                USART1_IRQHandler
                0x24100880                EXTI10_IRQHandler
                0x24100880                SPI3_IRQHandler
                0x24100880                WAKEUP_PIN_IRQHandler
                0x24100880                DCMIPP_IRQHandler
                0x24100880                I2C1_ER_IRQHandler
                0x24100880                FMC_IRQHandler
                0x24100880                EXTI6_IRQHandler
                0x24100880                LPTIM1_IRQHandler
                0x24100880                DCMI_PSSI_IRQHandler
                0x24100880                TIM8_TRG_CCU_IRQHandler
                0x24100880                I2C4_ER_IRQHandler
                0x24100880                GPDMA1_Channel10_IRQHandler
                0x24100880                ICACHE_IRQHandler
                0x24100880                HASH_IRQHandler
 .text.HAL_Init
                0x24100882       0x28 ./Drivers/STM32N6xx_HAL_Driver/stm32n6xx_hal.o
                0x24100882                HAL_Init
 *fill*         0x241008aa        0x2 
 .text.HAL_InitTick
                0x241008ac       0x6c ./Drivers/STM32N6xx_HAL_Driver/stm32n6xx_hal.o
                0x241008ac                HAL_InitTick
 .text.HAL_IncTick
                0x24100918       0x28 ./Drivers/STM32N6xx_HAL_Driver/stm32n6xx_hal.o
                0x24100918                HAL_IncTick
 .text.__NVIC_SetPriorityGrouping
                0x24100940       0x48 ./Drivers/STM32N6xx_HAL_Driver/stm32n6xx_hal_cortex.o
 .text.__NVIC_GetPriorityGrouping
                0x24100988       0x1c ./Drivers/STM32N6xx_HAL_Driver/stm32n6xx_hal_cortex.o
 .text.__NVIC_SetPriority
                0x241009a4       0x54 ./Drivers/STM32N6xx_HAL_Driver/stm32n6xx_hal_cortex.o
 .text.NVIC_EncodePriority
                0x241009f8       0x66 ./Drivers/STM32N6xx_HAL_Driver/stm32n6xx_hal_cortex.o
 *fill*         0x24100a5e        0x2 
 .text.SysTick_Config
                0x24100a60       0x44 ./Drivers/STM32N6xx_HAL_Driver/stm32n6xx_hal_cortex.o
 .text.HAL_NVIC_SetPriorityGrouping
                0x24100aa4       0x16 ./Drivers/STM32N6xx_HAL_Driver/stm32n6xx_hal_cortex.o
                0x24100aa4                HAL_NVIC_SetPriorityGrouping
 .text.HAL_NVIC_SetPriority
                0x24100aba       0x3a ./Drivers/STM32N6xx_HAL_Driver/stm32n6xx_hal_cortex.o
                0x24100aba                HAL_NVIC_SetPriority
 .text.HAL_SYSTICK_Config
                0x24100af4       0x18 ./Drivers/STM32N6xx_HAL_Driver/stm32n6xx_hal_cortex.o
                0x24100af4                HAL_SYSTICK_Config
 .text.HAL_PWREx_EnableVddIO2
                0x24100b0c       0x20 ./Drivers/STM32N6xx_HAL_Driver/stm32n6xx_hal_pwr_ex.o
                0x24100b0c                HAL_PWREx_EnableVddIO2
 .text.HAL_PWREx_EnableVddIO3
                0x24100b2c       0x20 ./Drivers/STM32N6xx_HAL_Driver/stm32n6xx_hal_pwr_ex.o
                0x24100b2c                HAL_PWREx_EnableVddIO3
 .text.HAL_PWREx_EnableVddIO4
                0x24100b4c       0x20 ./Drivers/STM32N6xx_HAL_Driver/stm32n6xx_hal_pwr_ex.o
                0x24100b4c                HAL_PWREx_EnableVddIO4
 .text.__libc_init_array
                0x24100b6c       0x48 C:/ST/STM32CubeIDE_1.16.1/STM32CubeIDE/plugins/com.st.stm32cube.ide.mcu.externaltools.gnu-tools-for-stm32.13.3.rel1.win32_1.0.0.202411081344/tools/bin/../lib/gcc/arm-none-eabi/13.3.1/../../../../arm-none-eabi/lib/thumb/v8-m.main+dp/hard\libc_nano.a(libc_a-init.o)
                0x24100b6c                __libc_init_array
 *(.glue_7)
 .glue_7        0x24100bb4        0x0 linker stubs
 *(.glue_7t)
 .glue_7t       0x24100bb4        0x0 linker stubs
 *(.eh_frame)
 .eh_frame      0x24100bb4        0x0 C:/ST/STM32CubeIDE_1.16.1/STM32CubeIDE/plugins/com.st.stm32cube.ide.mcu.externaltools.gnu-tools-for-stm32.13.3.rel1.win32_1.0.0.202411081344/tools/bin/../lib/gcc/arm-none-eabi/13.3.1/thumb/v8-m.main+dp/hard/crtbegin.o
 *(.RamFunc)
 *(.RamFunc*)
 *(.init)
 .init          0x24100bb4        0x4 C:/ST/STM32CubeIDE_1.16.1/STM32CubeIDE/plugins/com.st.stm32cube.ide.mcu.externaltools.gnu-tools-for-stm32.13.3.rel1.win32_1.0.0.202411081344/tools/bin/../lib/gcc/arm-none-eabi/13.3.1/thumb/v8-m.main+dp/hard/crti.o
                0x24100bb4                _init
 .init          0x24100bb8        0x8 C:/ST/STM32CubeIDE_1.16.1/STM32CubeIDE/plugins/com.st.stm32cube.ide.mcu.externaltools.gnu-tools-for-stm32.13.3.rel1.win32_1.0.0.202411081344/tools/bin/../lib/gcc/arm-none-eabi/13.3.1/thumb/v8-m.main+dp/hard/crtn.o
 *(.fini)
 .fini          0x24100bc0        0x4 C:/ST/STM32CubeIDE_1.16.1/STM32CubeIDE/plugins/com.st.stm32cube.ide.mcu.externaltools.gnu-tools-for-stm32.13.3.rel1.win32_1.0.0.202411081344/tools/bin/../lib/gcc/arm-none-eabi/13.3.1/thumb/v8-m.main+dp/hard/crti.o
                0x24100bc0                _fini
 .fini          0x24100bc4        0x8 C:/ST/STM32CubeIDE_1.16.1/STM32CubeIDE/plugins/com.st.stm32cube.ide.mcu.externaltools.gnu-tools-for-stm32.13.3.rel1.win32_1.0.0.202411081344/tools/bin/../lib/gcc/arm-none-eabi/13.3.1/thumb/v8-m.main+dp/hard/crtn.o
 *fill*         0x24100bcc        0x4 
 .fini.__stub   0x24100bd0        0x8 linker stubs
                0x24100bd8                        . = ALIGN (0x4)
                0x24100bd8                        _etext = .

.vfp11_veneer   0x24100bd8        0x0
 .vfp11_veneer  0x24100bd8        0x0 linker stubs

.v4_bx          0x24100bd8        0x0
 .v4_bx         0x24100bd8        0x0 linker stubs

.iplt           0x24100bd8        0x0
 .iplt          0x24100bd8        0x0 C:/ST/STM32CubeIDE_1.16.1/STM32CubeIDE/plugins/com.st.stm32cube.ide.mcu.externaltools.gnu-tools-for-stm32.13.3.rel1.win32_1.0.0.202411081344/tools/bin/../lib/gcc/arm-none-eabi/13.3.1/thumb/v8-m.main+dp/hard/crtbegin.o

.rel.dyn        0x24100bd8        0x0
 .rel.iplt      0x24100bd8        0x0 C:/ST/STM32CubeIDE_1.16.1/STM32CubeIDE/plugins/com.st.stm32cube.ide.mcu.externaltools.gnu-tools-for-stm32.13.3.rel1.win32_1.0.0.202411081344/tools/bin/../lib/gcc/arm-none-eabi/13.3.1/thumb/v8-m.main+dp/hard/crtbegin.o

.rodata         0x24100bd8        0x0
                0x24100bd8                        . = ALIGN (0x4)
 *(.rodata)
 *(.rodata*)
                0x24100bd8                        . = ALIGN (0x4)

.ARM.extab      0x24100bd8        0x0
                0x24100bd8                        . = ALIGN (0x4)
 *(.ARM.extab* .gnu.linkonce.armextab.*)
                0x24100bd8                        . = ALIGN (0x4)

.ARM            0x24100bd8        0x0
                0x24100bd8                        . = ALIGN (0x4)
                0x24100bd8                        __exidx_start = .
 *(.ARM.exidx*)
                0x24100bd8                        __exidx_end = .
                0x24100bd8                        . = ALIGN (0x4)

.preinit_array  0x24100bd8        0x0
                0x24100bd8                        . = ALIGN (0x4)
                0x24100bd8                        PROVIDE (__preinit_array_start = .)
 *(.preinit_array*)
                0x24100bd8                        PROVIDE (__preinit_array_end = .)
                0x24100bd8                        . = ALIGN (0x4)

.init_array     0x24100bd8        0x4
                0x24100bd8                        . = ALIGN (0x4)
                0x24100bd8                        PROVIDE (__init_array_start = .)
 *(SORT_BY_NAME(.init_array.*))
 *(.init_array*)
 .init_array    0x24100bd8        0x4 C:/ST/STM32CubeIDE_1.16.1/STM32CubeIDE/plugins/com.st.stm32cube.ide.mcu.externaltools.gnu-tools-for-stm32.13.3.rel1.win32_1.0.0.202411081344/tools/bin/../lib/gcc/arm-none-eabi/13.3.1/thumb/v8-m.main+dp/hard/crtbegin.o
                0x24100bdc                        PROVIDE (__init_array_end = .)
                0x24100bdc                        . = ALIGN (0x4)

.fini_array     0x24100bdc        0x4
                0x24100bdc                        . = ALIGN (0x4)
                [!provide]                        PROVIDE (__fini_array_start = .)
 *(SORT_BY_NAME(.fini_array.*))
 *(.fini_array*)
 .fini_array    0x24100bdc        0x4 C:/ST/STM32CubeIDE_1.16.1/STM32CubeIDE/plugins/com.st.stm32cube.ide.mcu.externaltools.gnu-tools-for-stm32.13.3.rel1.win32_1.0.0.202411081344/tools/bin/../lib/gcc/arm-none-eabi/13.3.1/thumb/v8-m.main+dp/hard/crtbegin.o
                [!provide]                        PROVIDE (__fini_array_end = .)
                0x24100be0                        . = ALIGN (0x4)
                0x24100be0                        _sidata = LOADADDR (.data)

.data           0x24180000        0xc load address 0x24100be0
                0x24180000                        . = ALIGN (0x4)
                0x24180000                        _sdata = .
 *(.data)
 *(.data*)
 .data.SystemCoreClock
                0x24180000        0x4 ./Core/Src/system_stm32n6xx_ns.o
                0x24180000                SystemCoreClock
 .data.uwTickPrio
                0x24180004        0x4 ./Drivers/STM32N6xx_HAL_Driver/stm32n6xx_hal.o
                0x24180004                uwTickPrio
 .data.uwTickFreq
                0x24180008        0x1 ./Drivers/STM32N6xx_HAL_Driver/stm32n6xx_hal.o
                0x24180008                uwTickFreq
                0x2418000c                        . = ALIGN (0x4)
 *fill*         0x24180009        0x3 
                0x2418000c                        _edata = .

.igot.plt       0x2418000c        0x0 load address 0x24100bec
 .igot.plt      0x2418000c        0x0 C:/ST/STM32CubeIDE_1.16.1/STM32CubeIDE/plugins/com.st.stm32cube.ide.mcu.externaltools.gnu-tools-for-stm32.13.3.rel1.win32_1.0.0.202411081344/tools/bin/../lib/gcc/arm-none-eabi/13.3.1/thumb/v8-m.main+dp/hard/crtbegin.o

.noncacheable   0x2418000c        0x4 load address 0x24100bec
                0x24180010                        . = ALIGN (0x8)
 *fill*         0x2418000c        0x4 
                0x24180010                        __snoncacheable = .
 *(.noncacheable)
                0x24180010                        . = ALIGN (0x8)
                0x24180010                        __enoncacheable = .
                0x24180010                        . = ALIGN (0x4)

.bss            0x24180010       0x20 load address 0x24100bec
                0x24180010                        _sbss = .
                0x24180010                        __bss_start__ = _sbss
 *(.bss)
 .bss           0x24180010       0x1c C:/ST/STM32CubeIDE_1.16.1/STM32CubeIDE/plugins/com.st.stm32cube.ide.mcu.externaltools.gnu-tools-for-stm32.13.3.rel1.win32_1.0.0.202411081344/tools/bin/../lib/gcc/arm-none-eabi/13.3.1/thumb/v8-m.main+dp/hard/crtbegin.o
 *(.bss*)
 .bss.uwTick    0x2418002c        0x4 ./Drivers/STM32N6xx_HAL_Driver/stm32n6xx_hal.o
                0x2418002c                uwTick
 *(COMMON)
                0x24180030                        . = ALIGN (0x4)
                0x24180030                        _ebss = .
                0x24180030                        __bss_end__ = _ebss

._user_heap_stack
                0x24180030      0xa00 load address 0x24100bec
                0x24180030                        . = ALIGN (0x8)
                [!provide]                        PROVIDE (end = .)
                0x24180030                        PROVIDE (_end = .)
                0x24180230                        . = (. + _Min_Heap_Size)
 *fill*         0x24180030      0x200 
                0x24180a30                        . = (. + _Min_Stack_Size)
 *fill*         0x24180230      0x800 
                0x24180a30                        . = ALIGN (0x8)

/DISCARD/
 libc.a(*)
 libm.a(*)
 libgcc.a(*)

.ARM.attributes
                0x00000000       0x3a
 *(.ARM.attributes)
 .ARM.attributes
                0x00000000       0x24 C:/ST/STM32CubeIDE_1.16.1/STM32CubeIDE/plugins/com.st.stm32cube.ide.mcu.externaltools.gnu-tools-for-stm32.13.3.rel1.win32_1.0.0.202411081344/tools/bin/../lib/gcc/arm-none-eabi/13.3.1/thumb/v8-m.main+dp/hard/crti.o
 .ARM.attributes
                0x00000024       0x36 C:/ST/STM32CubeIDE_1.16.1/STM32CubeIDE/plugins/com.st.stm32cube.ide.mcu.externaltools.gnu-tools-for-stm32.13.3.rel1.win32_1.0.0.202411081344/tools/bin/../lib/gcc/arm-none-eabi/13.3.1/thumb/v8-m.main+dp/hard/crtbegin.o
 .ARM.attributes
                0x0000005a       0x3e ./Core/Src/main.o
 .ARM.attributes
                0x00000098       0x3e ./Core/Src/stm32n6xx_hal_msp.o
 .ARM.attributes
                0x000000d6       0x3e ./Core/Src/stm32n6xx_it.o
 .ARM.attributes
                0x00000114       0x3e ./Core/Src/system_stm32n6xx_ns.o
 .ARM.attributes
                0x00000152       0x22 ./Core/Startup/startup_stm32n657x0hxq.o
 .ARM.attributes
                0x00000174       0x3e ./Drivers/STM32N6xx_HAL_Driver/stm32n6xx_hal.o
 .ARM.attributes
                0x000001b2       0x3e ./Drivers/STM32N6xx_HAL_Driver/stm32n6xx_hal_cortex.o
 .ARM.attributes
                0x000001f0       0x3e ./Drivers/STM32N6xx_HAL_Driver/stm32n6xx_hal_pwr_ex.o
 .ARM.attributes
                0x0000022e       0x36 C:/ST/STM32CubeIDE_1.16.1/STM32CubeIDE/plugins/com.st.stm32cube.ide.mcu.externaltools.gnu-tools-for-stm32.13.3.rel1.win32_1.0.0.202411081344/tools/bin/../lib/gcc/arm-none-eabi/13.3.1/../../../../arm-none-eabi/lib/thumb/v8-m.main+dp/hard\libc_nano.a(libc_a-init.o)
 .ARM.attributes
                0x00000264       0x24 C:/ST/STM32CubeIDE_1.16.1/STM32CubeIDE/plugins/com.st.stm32cube.ide.mcu.externaltools.gnu-tools-for-stm32.13.3.rel1.win32_1.0.0.202411081344/tools/bin/../lib/gcc/arm-none-eabi/13.3.1/thumb/v8-m.main+dp/hard/crtn.o
OUTPUT(ETRS-606_project_AppliNonSecure.elf elf32-littlearm)
LOAD linker stubs
LOAD C:/ST/STM32CubeIDE_1.16.1/STM32CubeIDE/plugins/com.st.stm32cube.ide.mcu.externaltools.gnu-tools-for-stm32.13.3.rel1.win32_1.0.0.202411081344/tools/bin/../lib/gcc/arm-none-eabi/13.3.1/../../../../arm-none-eabi/lib/thumb/v8-m.main+dp/hard\libc.a
LOAD C:/ST/STM32CubeIDE_1.16.1/STM32CubeIDE/plugins/com.st.stm32cube.ide.mcu.externaltools.gnu-tools-for-stm32.13.3.rel1.win32_1.0.0.202411081344/tools/bin/../lib/gcc/arm-none-eabi/13.3.1/../../../../arm-none-eabi/lib/thumb/v8-m.main+dp/hard\libm.a
LOAD C:/ST/STM32CubeIDE_1.16.1/STM32CubeIDE/plugins/com.st.stm32cube.ide.mcu.externaltools.gnu-tools-for-stm32.13.3.rel1.win32_1.0.0.202411081344/tools/bin/../lib/gcc/arm-none-eabi/13.3.1/thumb/v8-m.main+dp/hard\libgcc.a

.debug_info     0x00000000     0x4f35
 .debug_info    0x00000000      0x114 ./Core/Src/main.o
 .debug_info    0x00000114       0xb4 ./Core/Src/stm32n6xx_hal_msp.o
 .debug_info    0x000001c8       0xf8 ./Core/Src/stm32n6xx_it.o
 .debug_info    0x000002c0      0x426 ./Core/Src/system_stm32n6xx_ns.o
 .debug_info    0x000006e6       0x30 ./Core/Startup/startup_stm32n657x0hxq.o
 .debug_info    0x00000716     0x27c6 ./Drivers/STM32N6xx_HAL_Driver/stm32n6xx_hal.o
 .debug_info    0x00002edc     0x1351 ./Drivers/STM32N6xx_HAL_Driver/stm32n6xx_hal_cortex.o
 .debug_info    0x0000422d      0xd08 ./Drivers/STM32N6xx_HAL_Driver/stm32n6xx_hal_pwr_ex.o

.debug_abbrev   0x00000000      0xb29
 .debug_abbrev  0x00000000       0xc4 ./Core/Src/main.o
 .debug_abbrev  0x000000c4       0x5a ./Core/Src/stm32n6xx_hal_msp.o
 .debug_abbrev  0x0000011e       0x73 ./Core/Src/stm32n6xx_it.o
 .debug_abbrev  0x00000191      0x122 ./Core/Src/system_stm32n6xx_ns.o
 .debug_abbrev  0x000002b3       0x24 ./Core/Startup/startup_stm32n657x0hxq.o
 .debug_abbrev  0x000002d7      0x2bd ./Drivers/STM32N6xx_HAL_Driver/stm32n6xx_hal.o
 .debug_abbrev  0x00000594      0x330 ./Drivers/STM32N6xx_HAL_Driver/stm32n6xx_hal_cortex.o
 .debug_abbrev  0x000008c4      0x265 ./Drivers/STM32N6xx_HAL_Driver/stm32n6xx_hal_pwr_ex.o

.debug_aranges  0x00000000      0x850
 .debug_aranges
                0x00000000       0x28 ./Core/Src/main.o
 .debug_aranges
                0x00000028       0x20 ./Core/Src/stm32n6xx_hal_msp.o
 .debug_aranges
                0x00000048       0x48 ./Core/Src/stm32n6xx_it.o
 .debug_aranges
                0x00000090       0x28 ./Core/Src/system_stm32n6xx_ns.o
 .debug_aranges
                0x000000b8       0x28 ./Core/Startup/startup_stm32n657x0hxq.o
 .debug_aranges
                0x000000e0      0x3c8 ./Drivers/STM32N6xx_HAL_Driver/stm32n6xx_hal.o
 .debug_aranges
                0x000004a8      0x148 ./Drivers/STM32N6xx_HAL_Driver/stm32n6xx_hal_cortex.o
 .debug_aranges
                0x000005f0      0x260 ./Drivers/STM32N6xx_HAL_Driver/stm32n6xx_hal_pwr_ex.o

.debug_rnglists
                0x00000000      0x61d
 .debug_rnglists
                0x00000000       0x19 ./Core/Src/main.o
 .debug_rnglists
                0x00000019       0x13 ./Core/Src/stm32n6xx_hal_msp.o
 .debug_rnglists
                0x0000002c       0x31 ./Core/Src/stm32n6xx_it.o
 .debug_rnglists
                0x0000005d       0x19 ./Core/Src/system_stm32n6xx_ns.o
 .debug_rnglists
                0x00000076       0x19 ./Core/Startup/startup_stm32n657x0hxq.o
 .debug_rnglists
                0x0000008f      0x2d4 ./Drivers/STM32N6xx_HAL_Driver/stm32n6xx_hal.o
 .debug_rnglists
                0x00000363       0xf1 ./Drivers/STM32N6xx_HAL_Driver/stm32n6xx_hal_cortex.o
 .debug_rnglists
                0x00000454      0x1c9 ./Drivers/STM32N6xx_HAL_Driver/stm32n6xx_hal_pwr_ex.o

.debug_macro    0x00000000    0x4f6fa
 .debug_macro   0x00000000      0x29d ./Core/Src/main.o
 .debug_macro   0x0000029d      0xb5c ./Core/Src/main.o
 .debug_macro   0x00000df9      0x1d3 ./Core/Src/main.o
 .debug_macro   0x00000fcc       0x2e ./Core/Src/main.o
 .debug_macro   0x00000ffa       0x65 ./Core/Src/main.o
 .debug_macro   0x0000105f       0x22 ./Core/Src/main.o
 .debug_macro   0x00001081       0x8e ./Core/Src/main.o
 .debug_macro   0x0000110f       0x51 ./Core/Src/main.o
 .debug_macro   0x00001160      0x103 ./Core/Src/main.o
 .debug_macro   0x00001263       0x6a ./Core/Src/main.o
 .debug_macro   0x000012cd      0x1df ./Core/Src/main.o
 .debug_macro   0x000014ac       0x2e ./Core/Src/main.o
 .debug_macro   0x000014da       0x17 ./Core/Src/main.o
 .debug_macro   0x000014f1       0x34 ./Core/Src/main.o
 .debug_macro   0x00001525      0x26d ./Core/Src/main.o
 .debug_macro   0x00001792       0x28 ./Core/Src/main.o
 .debug_macro   0x000017ba     0x2da7 ./Core/Src/main.o
 .debug_macro   0x00004561      0x130 ./Core/Src/main.o
 .debug_macro   0x00004691      0x344 ./Core/Src/main.o
 .debug_macro   0x000049d5      0x146 ./Core/Src/main.o
 .debug_macro   0x00004b1b       0x22 ./Core/Src/main.o
 .debug_macro   0x00004b3d    0x3db5e ./Core/Src/main.o
 .debug_macro   0x0004269b       0x6c ./Core/Src/main.o
 .debug_macro   0x00042707     0x3486 ./Core/Src/main.o
 .debug_macro   0x00045b8d      0x190 ./Core/Src/main.o
 .debug_macro   0x00045d1d       0x61 ./Core/Src/main.o
 .debug_macro   0x00045d7e       0x29 ./Core/Src/main.o
 .debug_macro   0x00045da7       0x43 ./Core/Src/main.o
 .debug_macro   0x00045dea       0x34 ./Core/Src/main.o
 .debug_macro   0x00045e1e      0x370 ./Core/Src/main.o
 .debug_macro   0x0004618e       0x16 ./Core/Src/main.o
 .debug_macro   0x000461a4       0x4a ./Core/Src/main.o
 .debug_macro   0x000461ee       0x34 ./Core/Src/main.o
 .debug_macro   0x00046222       0x10 ./Core/Src/main.o
 .debug_macro   0x00046232       0x58 ./Core/Src/main.o
 .debug_macro   0x0004628a       0x8e ./Core/Src/main.o
 .debug_macro   0x00046318       0x1c ./Core/Src/main.o
 .debug_macro   0x00046334      0x185 ./Core/Src/main.o
 .debug_macro   0x000464b9      0x19b ./Core/Src/main.o
 .debug_macro   0x00046654       0x72 ./Core/Src/main.o
 .debug_macro   0x000466c6      0x47a ./Core/Src/main.o
 .debug_macro   0x00046b40     0x10fe ./Core/Src/main.o
 .debug_macro   0x00047c3e     0x2710 ./Core/Src/main.o
 .debug_macro   0x0004a34e      0xfd4 ./Core/Src/main.o
 .debug_macro   0x0004b322      0x1af ./Core/Src/main.o
 .debug_macro   0x0004b4d1      0x2c9 ./Core/Src/main.o
 .debug_macro   0x0004b79a      0x2c4 ./Core/Src/main.o
 .debug_macro   0x0004ba5e      0xa36 ./Core/Src/main.o
 .debug_macro   0x0004c494      0x7b2 ./Core/Src/main.o
 .debug_macro   0x0004cc46       0xe4 ./Core/Src/main.o
 .debug_macro   0x0004cd2a      0x216 ./Core/Src/main.o
 .debug_macro   0x0004cf40      0x36b ./Core/Src/main.o
 .debug_macro   0x0004d2ab      0x303 ./Core/Src/main.o
 .debug_macro   0x0004d5ae      0x46a ./Core/Src/main.o
 .debug_macro   0x0004da18      0x693 ./Core/Src/main.o
 .debug_macro   0x0004e0ab       0xa6 ./Core/Src/main.o
 .debug_macro   0x0004e151      0x5df ./Core/Src/main.o
 .debug_macro   0x0004e730      0x29d ./Core/Src/stm32n6xx_hal_msp.o
 .debug_macro   0x0004e9cd      0x2a7 ./Core/Src/stm32n6xx_it.o
 .debug_macro   0x0004ec74      0x296 ./Core/Src/system_stm32n6xx_ns.o
 .debug_macro   0x0004ef0a      0x28f ./Drivers/STM32N6xx_HAL_Driver/stm32n6xx_hal.o
 .debug_macro   0x0004f199      0x28a ./Drivers/STM32N6xx_HAL_Driver/stm32n6xx_hal_cortex.o
 .debug_macro   0x0004f423      0x2d7 ./Drivers/STM32N6xx_HAL_Driver/stm32n6xx_hal_pwr_ex.o

.debug_line     0x00000000     0x5d70
 .debug_line    0x00000000      0x8f3 ./Core/Src/main.o
 .debug_line    0x000008f3      0x8db ./Core/Src/stm32n6xx_hal_msp.o
 .debug_line    0x000011ce      0x94c ./Core/Src/stm32n6xx_it.o
 .debug_line    0x00001b1a      0x8d3 ./Core/Src/system_stm32n6xx_ns.o
 .debug_line    0x000023ed       0x7e ./Core/Startup/startup_stm32n657x0hxq.o
 .debug_line    0x0000246b     0x165a ./Drivers/STM32N6xx_HAL_Driver/stm32n6xx_hal.o
 .debug_line    0x00003ac5      0xf1d ./Drivers/STM32N6xx_HAL_Driver/stm32n6xx_hal_cortex.o
 .debug_line    0x000049e2     0x138e ./Drivers/STM32N6xx_HAL_Driver/stm32n6xx_hal_pwr_ex.o

.debug_str      0x00000000   0x1f860a
 .debug_str     0x00000000   0x1f860a ./Core/Src/main.o
                             0x1f50cb (size before relaxing)
 .debug_str     0x001f860a   0x1f50c7 ./Core/Src/stm32n6xx_hal_msp.o
 .debug_str     0x001f860a   0x1f50f3 ./Core/Src/stm32n6xx_it.o
 .debug_str     0x001f860a   0x1f525e ./Core/Src/system_stm32n6xx_ns.o
 .debug_str     0x001f860a       0x87 ./Core/Startup/startup_stm32n657x0hxq.o
 .debug_str     0x001f860a   0x1f7817 ./Drivers/STM32N6xx_HAL_Driver/stm32n6xx_hal.o
 .debug_str     0x001f860a   0x1f6268 ./Drivers/STM32N6xx_HAL_Driver/stm32n6xx_hal_cortex.o
 .debug_str     0x001f860a   0x1f5d9e ./Drivers/STM32N6xx_HAL_Driver/stm32n6xx_hal_pwr_ex.o

.comment        0x00000000       0x43
 .comment       0x00000000       0x43 ./Core/Src/main.o
                                 0x44 (size before relaxing)
 .comment       0x00000043       0x44 ./Core/Src/stm32n6xx_hal_msp.o
 .comment       0x00000043       0x44 ./Core/Src/stm32n6xx_it.o
 .comment       0x00000043       0x44 ./Core/Src/system_stm32n6xx_ns.o
 .comment       0x00000043       0x44 ./Drivers/STM32N6xx_HAL_Driver/stm32n6xx_hal.o
 .comment       0x00000043       0x44 ./Drivers/STM32N6xx_HAL_Driver/stm32n6xx_hal_cortex.o
 .comment       0x00000043       0x44 ./Drivers/STM32N6xx_HAL_Driver/stm32n6xx_hal_pwr_ex.o

.debug_frame    0x00000000     0x20f4
 .debug_frame   0x00000000       0x44 ./Core/Src/main.o
 .debug_frame   0x00000044       0x2c ./Core/Src/stm32n6xx_hal_msp.o
 .debug_frame   0x00000070       0xb4 ./Core/Src/stm32n6xx_it.o
 .debug_frame   0x00000124       0x4c ./Core/Src/system_stm32n6xx_ns.o
 .debug_frame   0x00000170     0x1054 ./Drivers/STM32N6xx_HAL_Driver/stm32n6xx_hal.o
 .debug_frame   0x000011c4      0x578 ./Drivers/STM32N6xx_HAL_Driver/stm32n6xx_hal_cortex.o
 .debug_frame   0x0000173c      0x98c ./Drivers/STM32N6xx_HAL_Driver/stm32n6xx_hal_pwr_ex.o
 .debug_frame   0x000020c8       0x2c C:/ST/STM32CubeIDE_1.16.1/STM32CubeIDE/plugins/com.st.stm32cube.ide.mcu.externaltools.gnu-tools-for-stm32.13.3.rel1.win32_1.0.0.202411081344/tools/bin/../lib/gcc/arm-none-eabi/13.3.1/../../../../arm-none-eabi/lib/thumb/v8-m.main+dp/hard\libc_nano.a(libc_a-init.o)

.debug_line_str
                0x00000000       0x6b
 .debug_line_str
                0x00000000       0x6b ./Core/Startup/startup_stm32n657x0hxq.o
