../../../Drivers/STM32N6xx_HAL_Driver/Inc/stm32n6xx_ll_bus.h:1165:22:LL_AHB3_GRP1_EnableClock	24	static
../../../Drivers/STM32N6xx_HAL_Driver/Inc/stm32n6xx_ll_bus.h:1407:22:LL_AHB4_GRP1_EnableClock	24	static
C:/Users/PC/Downloads/Nx_TCP_Echo_Client/FSBL/Core/Src/main.c:134:5:main	24	static,ignoring_inline_asm
C:/Users/PC/Downloads/Nx_TCP_Echo_Client/FSBL/Core/Src/main.c:205:6:SystemClock_Config	624	static
C:/Users/PC/Downloads/Nx_TCP_Echo_Client/FSBL/Core/Src/main.c:323:13:MX_ETH1_Init	16	static
C:/Users/PC/Downloads/Nx_TCP_Echo_Client/FSBL/Core/Src/main.c:375:13:MX_I2C1_Init	8	static
C:/Users/PC/Downloads/Nx_TCP_Echo_Client/FSBL/Core/Src/main.c:423:15:SystemIsolation_Config	16	static
C:/Users/PC/Downloads/Nx_TCP_Echo_Client/FSBL/Core/Src/main.c:476:13:MX_USART1_UART_Init	8	static
C:/Users/PC/Downloads/Nx_TCP_Echo_Client/FSBL/Core/Src/main.c:524:13:MX_GPIO_Init	32	static
C:/Users/PC/Downloads/Nx_TCP_Echo_Client/FSBL/Core/Src/main.c:577:1:__io_putchar	16	static
C:/Users/PC/Downloads/Nx_TCP_Echo_Client/FSBL/Core/Src/main.c:583:9:platform_read	48	static
C:/Users/PC/Downloads/Nx_TCP_Echo_Client/FSBL/Core/Src/main.c:600:9:platform_write	48	static
C:/Users/PC/Downloads/Nx_TCP_Echo_Client/FSBL/Core/Src/main.c:617:7:hts221_from_lsb_to_celsius_custom	32	static
C:/Users/PC/Downloads/Nx_TCP_Echo_Client/FSBL/Core/Src/main.c:629:7:hts221_from_lsb_to_humidity_custom	40	static
C:/Users/PC/Downloads/Nx_TCP_Echo_Client/FSBL/Core/Src/main.c:647:5:Sensors_Init	16	static
C:/Users/PC/Downloads/Nx_TCP_Echo_Client/FSBL/Core/Src/main.c:725:5:Sensors_Read	32	static
C:/Users/PC/Downloads/Nx_TCP_Echo_Client/FSBL/Core/Src/main.c:773:6:Success_Handler	8	static
C:/Users/PC/Downloads/Nx_TCP_Echo_Client/FSBL/Core/Src/main.c:791:6:MPU_Config	40	static,ignoring_inline_asm
C:/Users/PC/Downloads/Nx_TCP_Echo_Client/FSBL/Core/Src/main.c:846:6:HAL_TIM_PeriodElapsedCallback	16	static
C:/Users/PC/Downloads/Nx_TCP_Echo_Client/FSBL/Core/Src/main.c:864:6:Error_Handler	8	static
