12:09:44 **** Incremental Build of configuration Debug for project Nx_TCP_Echo_Client_FSBL ****
make -j8 all 
arm-none-eabi-gcc "D:/Users/user/Pictures/Nx_TCP_Echo_Client/FSBL/NetXDuo/App/app_netxduo.c" -mcpu=cortex-m55 -std=gnu11 -g3 -DDEBUG -DUSE_HAL_DRIVER -DSTM32N657xx -DNX_INCLUDE_USER_DEFINE_FILE -DTX_INCLUDE_USER_DEFINE_FILE -DTX_SINGLE_MODE_SECURE=1 -c -I../../../FSBL/NetXDuo/App -I../../../FSBL/NetXDuo/Target -I../../../FSBL/Core/Inc -I../../../FSBL/AZURE_RTOS/App -I../../../Drivers/STM32N6xx_HAL_Driver/Inc -I../../../Drivers/CMSIS/Device/ST/STM32N6xx/Include -I../../../Drivers/STM32N6xx_HAL_Driver/Inc/Legacy -I../../../Drivers/BSP/Components/lan8742 -I../../../Middlewares/ST/netxduo/addons/dhcp -I../../../Middlewares/ST/netxduo/tsn/inc -I../../../Middlewares/ST/netxduo/common/drivers/ethernet -I../../../Middlewares/ST/threadx/common/inc -I../../../Middlewares/ST/netxduo/common/inc -I../../../Middlewares/ST/netxduo/ports/cortex_m55/gnu/inc -I../../../Middlewares/ST/threadx/ports/cortex_m55/gnu/inc -I../../../Drivers/CMSIS/Include -O0 -ffunction-sections -fdata-sections -Wall -fstack-usage -fcyclomatic-complexity -mcmse -MMD -MP -MF"Application/User/NetXDuo/App/app_netxduo.d" -MT"Application/User/NetXDuo/App/app_netxduo.o" --specs=nano.specs -mfpu=fpv5-d16 -mfloat-abi=hard -mthumb -o "Application/User/NetXDuo/App/app_netxduo.o"
arm-none-eabi-gcc -o "Nx_TCP_Echo_Client_FSBL.elf" @"objects.list"   -mcpu=cortex-m55 -T"D:\Users\user\Pictures\Nx_TCP_Echo_Client\STM32CubeIDE\FSBL\STM32N657X0HXQ_AXISRAM2_fsbl.ld" --specs=nosys.specs -Wl,-Map="Nx_TCP_Echo_Client_FSBL.map" -Wl,--gc-sections -static -Wl,--cmse-implib -Wl,--out-implib=./secure_nsclib.o --specs=nano.specs -mfpu=fpv5-d16 -mfloat-abi=hard -mthumb -Wl,--start-group -lc -lm -Wl,--end-group
Finished building target: Nx_TCP_Echo_Client_FSBL.elf
 
arm-none-eabi-size  Nx_TCP_Echo_Client_FSBL.elf 
arm-none-eabi-objdump -h -S Nx_TCP_Echo_Client_FSBL.elf  > "Nx_TCP_Echo_Client_FSBL.list"
arm-none-eabi-objcopy  -O binary Nx_TCP_Echo_Client_FSBL.elf  "Nx_TCP_Echo_Client_FSBL.bin"
Finished building: Nx_TCP_Echo_Client_FSBL.bin
 
   text	   data	    bss	    dec	    hex	filename
 154468	    236	 261908	 416612	  65b64	Nx_TCP_Echo_Client_FSBL.elf
Finished building: default.size.stdout
 
Finished building: Nx_TCP_Echo_Client_FSBL.list
 

12:09:50 Build Finished. 0 errors, 0 warnings. (took 5s.600ms)

